Command line invocation:
    /Applications/Xcode.app/Contents/Developer/usr/bin/xcodebuild -project /Users/COBSCCOMP242P-064/dev/SafeWalk/SafeWalk.xcodeproj -scheme SafeWalk -destination "generic/platform=iOS Simulator" build

Resolve Package Graph


Resolved source packages:
  InteropForGoogle: https://github.com/google/interop-ios-for-google-sdks.git @ 101.0.0
  GTMSessionFetcher: https://github.com/google/gtm-session-fetcher.git @ 4.5.0
  gRPC: https://github.com/google/grpc-binary.git @ 1.69.1
  abseil: https://github.com/google/abseil-cpp-binary.git @ 1.2024072200.0
  GoogleDataTransport: https://github.com/google/GoogleDataTransport.git @ 10.1.0
  GoogleUtilities: https://github.com/google/GoogleUtilities.git @ 8.1.0
  Promises: https://github.com/google/promises.git @ 2.4.0
  leveldb: https://github.com/firebase/leveldb.git @ 1.22.5
  GoogleAppMeasurement: https://github.com/google/GoogleAppMeasurement.git @ 11.15.0
  SwiftProtobuf: https://github.com/apple/swift-protobuf.git @ 1.36.1
  nanopb: https://github.com/firebase/nanopb.git @ 2.30910.0
  GoogleAdsOnDeviceConversion: https://github.com/googleads/google-ads-on-device-conversion-ios-sdk @ 2.3.0
  Firebase: https://github.com/firebase/firebase-ios-sdk @ 11.15.0
  AppCheck: https://github.com/google/app-check.git @ 11.2.0

2026-05-09 10:18:18.979 xcodebuild[86801:36494282] [MT] IDERunDestination: Supported platforms for the buildables in the current scheme is empty.
ComputePackagePrebuildTargetDependencyGraph

Prepare packages

CreateBuildRequest

SendProjectDescription

CreateBuildOperation

ComputeTargetDependencyGraph
note: Building targets in dependency order
note: Target dependency graph (42 targets)
    Target 'SafeWalk' in project 'SafeWalk'
        ➜ Explicit dependency on target 'FirebaseCore' in project 'Firebase'
        ➜ Explicit dependency on target 'FirebaseFirestore' in project 'Firebase'
    Target 'FirebaseFirestore' in project 'Firebase'
        ➜ Explicit dependency on target 'FirebaseFirestoreTarget' in project 'Firebase'
        ➜ Explicit dependency on target 'FirebaseFirestoreInternalWrapper' in project 'Firebase'
        ➜ Explicit dependency on target 'FirebaseAppCheckInterop' in project 'Firebase'
        ➜ Explicit dependency on target 'Firebase' in project 'Firebase'
        ➜ Explicit dependency on target 'FirebaseCoreInternal' in project 'Firebase'
        ➜ Explicit dependency on target 'FirebaseCore' in project 'Firebase'
        ➜ Explicit dependency on target 'FirebaseCoreExtension' in project 'Firebase'
        ➜ Explicit dependency on target 'FirebaseSharedSwift' in project 'Firebase'
        ➜ Explicit dependency on target 'FirebaseFirestore' in project 'Firebase'
        ➜ Explicit dependency on target 'GULNSData' in project 'GoogleUtilities'
        ➜ Explicit dependency on target 'GULEnvironment' in project 'GoogleUtilities'
        ➜ Explicit dependency on target 'GULLogger' in project 'GoogleUtilities'
        ➜ Explicit dependency on target 'abseil' in project 'abseil'
        ➜ Explicit dependency on target 'gRPC-C++' in project 'gRPC'
        ➜ Explicit dependency on target 'nanopb' in project 'nanopb'
        ➜ Explicit dependency on target 'leveldb' in project 'leveldb'
    Target 'FirebaseFirestoreTarget' in project 'Firebase'
        ➜ Explicit dependency on target 'FirebaseFirestoreInternalWrapper' in project 'Firebase'
        ➜ Explicit dependency on target 'FirebaseAppCheckInterop' in project 'Firebase'
        ➜ Explicit dependency on target 'Firebase' in project 'Firebase'
        ➜ Explicit dependency on target 'FirebaseCoreInternal' in project 'Firebase'
        ➜ Explicit dependency on target 'FirebaseCore' in project 'Firebase'
        ➜ Explicit dependency on target 'FirebaseCoreExtension' in project 'Firebase'
        ➜ Explicit dependency on target 'FirebaseSharedSwift' in project 'Firebase'
        ➜ Explicit dependency on target 'FirebaseFirestore' in project 'Firebase'
        ➜ Explicit dependency on target 'GULNSData' in project 'GoogleUtilities'
        ➜ Explicit dependency on target 'GULEnvironment' in project 'GoogleUtilities'
        ➜ Explicit dependency on target 'GULLogger' in project 'GoogleUtilities'
        ➜ Explicit dependency on target 'abseil' in project 'abseil'
        ➜ Explicit dependency on target 'gRPC-C++' in project 'gRPC'
        ➜ Explicit dependency on target 'nanopb' in project 'nanopb'
        ➜ Explicit dependency on target 'leveldb' in project 'leveldb'
    Target 'FirebaseFirestore' in project 'Firebase'
        ➜ Explicit dependency on target 'Firebase_FirebaseFirestore' in project 'Firebase'
        ➜ Explicit dependency on target 'FirebaseFirestoreInternalWrapper' in project 'Firebase'
        ➜ Explicit dependency on target 'FirebaseAppCheckInterop' in project 'Firebase'
        ➜ Explicit dependency on target 'Firebase' in project 'Firebase'
        ➜ Explicit dependency on target 'FirebaseCoreInternal' in project 'Firebase'
        ➜ Explicit dependency on target 'FirebaseCore' in project 'Firebase'
        ➜ Explicit dependency on target 'FirebaseCoreExtension' in project 'Firebase'
        ➜ Explicit dependency on target 'FirebaseSharedSwift' in project 'Firebase'
        ➜ Explicit dependency on target 'GULNSData' in project 'GoogleUtilities'
        ➜ Explicit dependency on target 'GULEnvironment' in project 'GoogleUtilities'
        ➜ Explicit dependency on target 'GULLogger' in project 'GoogleUtilities'
        ➜ Explicit dependency on target 'abseil' in project 'abseil'
        ➜ Explicit dependency on target 'gRPC-C++' in project 'gRPC'
        ➜ Explicit dependency on target 'nanopb' in project 'nanopb'
        ➜ Explicit dependency on target 'leveldb' in project 'leveldb'
    Target 'leveldb' in project 'leveldb'
        ➜ Explicit dependency on target 'leveldb' in project 'leveldb'
        ➜ Explicit dependency on target 'leveldb_leveldb' in project 'leveldb'
    Target 'leveldb' in project 'leveldb'
        ➜ Explicit dependency on target 'leveldb_leveldb' in project 'leveldb'
    Target 'leveldb_leveldb' in project 'leveldb' (no dependencies)
    Target 'nanopb' in project 'nanopb'
        ➜ Explicit dependency on target 'nanopb' in project 'nanopb'
        ➜ Explicit dependency on target 'nanopb_nanopb' in project 'nanopb'
    Target 'nanopb' in project 'nanopb'
        ➜ Explicit dependency on target 'nanopb_nanopb' in project 'nanopb'
    Target 'nanopb_nanopb' in project 'nanopb' (no dependencies)
    Target 'gRPC-C++' in project 'gRPC'
        ➜ Explicit dependency on target 'grpcppWrapper' in project 'gRPC'
        ➜ Explicit dependency on target 'gRPC_grpcppWrapper' in project 'gRPC'
        ➜ Explicit dependency on target 'grpcWrapper' in project 'gRPC'
        ➜ Explicit dependency on target 'opensslWrapper' in project 'gRPC'
        ➜ Explicit dependency on target 'abseil' in project 'abseil'
    Target 'grpcppWrapper' in project 'gRPC'
        ➜ Explicit dependency on target 'gRPC_grpcppWrapper' in project 'gRPC'
        ➜ Explicit dependency on target 'grpcWrapper' in project 'gRPC'
        ➜ Explicit dependency on target 'opensslWrapper' in project 'gRPC'
        ➜ Explicit dependency on target 'abseil' in project 'abseil'
    Target 'opensslWrapper' in project 'gRPC'
        ➜ Explicit dependency on target 'gRPC_opensslWrapper' in project 'gRPC'
    Target 'gRPC_opensslWrapper' in project 'gRPC' (no dependencies)
    Target 'grpcWrapper' in project 'gRPC'
        ➜ Explicit dependency on target 'gRPC_grpcWrapper' in project 'gRPC'
    Target 'gRPC_grpcWrapper' in project 'gRPC' (no dependencies)
    Target 'gRPC_grpcppWrapper' in project 'gRPC' (no dependencies)
    Target 'abseil' in project 'abseil'
        ➜ Explicit dependency on target 'abslWrapper' in project 'abseil'
        ➜ Explicit dependency on target 'abseil_abslWrapper' in project 'abseil'
    Target 'abslWrapper' in project 'abseil'
        ➜ Explicit dependency on target 'abseil_abslWrapper' in project 'abseil'
    Target 'abseil_abslWrapper' in project 'abseil' (no dependencies)
    Target 'Firebase_FirebaseFirestore' in project 'Firebase' (no dependencies)
    Target 'FirebaseSharedSwift' in project 'Firebase' (no dependencies)
    Target 'FirebaseCoreExtension' in project 'Firebase'
        ➜ Explicit dependency on target 'Firebase_FirebaseCoreExtension' in project 'Firebase'
    Target 'Firebase_FirebaseCoreExtension' in project 'Firebase' (no dependencies)
    Target 'FirebaseAppCheckInterop' in project 'Firebase' (no dependencies)
    Target 'FirebaseFirestoreInternalWrapper' in project 'Firebase' (no dependencies)
    Target 'FirebaseCore' in project 'Firebase'
        ➜ Explicit dependency on target 'FirebaseCore' in project 'Firebase'
        ➜ Explicit dependency on target 'Firebase_FirebaseCore' in project 'Firebase'
        ➜ Explicit dependency on target 'Firebase' in project 'Firebase'
        ➜ Explicit dependency on target 'FirebaseCoreInternal' in project 'Firebase'
        ➜ Explicit dependency on target 'GULNSData' in project 'GoogleUtilities'
        ➜ Explicit dependency on target 'GULEnvironment' in project 'GoogleUtilities'
        ➜ Explicit dependency on target 'GULLogger' in project 'GoogleUtilities'
    Target 'FirebaseCore' in project 'Firebase'
        ➜ Explicit dependency on target 'Firebase_FirebaseCore' in project 'Firebase'
        ➜ Explicit dependency on target 'Firebase' in project 'Firebase'
        ➜ Explicit dependency on target 'FirebaseCoreInternal' in project 'Firebase'
        ➜ Explicit dependency on target 'GULNSData' in project 'GoogleUtilities'
        ➜ Explicit dependency on target 'GULEnvironment' in project 'GoogleUtilities'
        ➜ Explicit dependency on target 'GULLogger' in project 'GoogleUtilities'
    Target 'GULLogger' in project 'GoogleUtilities'
        ➜ Explicit dependency on target 'GoogleUtilities-Logger' in project 'GoogleUtilities'
        ➜ Explicit dependency on target 'GoogleUtilities_GoogleUtilities-Logger' in project 'GoogleUtilities'
        ➜ Explicit dependency on target 'third-party-IsAppEncrypted' in project 'GoogleUtilities'
        ➜ Explicit dependency on target 'GoogleUtilities-Environment' in project 'GoogleUtilities'
    Target 'GoogleUtilities-Logger' in project 'GoogleUtilities'
        ➜ Explicit dependency on target 'GoogleUtilities_GoogleUtilities-Logger' in project 'GoogleUtilities'
        ➜ Explicit dependency on target 'third-party-IsAppEncrypted' in project 'GoogleUtilities'
        ➜ Explicit dependency on target 'GoogleUtilities-Environment' in project 'GoogleUtilities'
    Target 'GoogleUtilities_GoogleUtilities-Logger' in project 'GoogleUtilities' (no dependencies)
    Target 'GULEnvironment' in project 'GoogleUtilities'
        ➜ Explicit dependency on target 'GoogleUtilities-Environment' in project 'GoogleUtilities'
        ➜ Explicit dependency on target 'GoogleUtilities_GoogleUtilities-Environment' in project 'GoogleUtilities'
        ➜ Explicit dependency on target 'third-party-IsAppEncrypted' in project 'GoogleUtilities'
    Target 'GoogleUtilities-Environment' in project 'GoogleUtilities'
        ➜ Explicit dependency on target 'GoogleUtilities_GoogleUtilities-Environment' in project 'GoogleUtilities'
        ➜ Explicit dependency on target 'third-party-IsAppEncrypted' in project 'GoogleUtilities'
    Target 'third-party-IsAppEncrypted' in project 'GoogleUtilities' (no dependencies)
    Target 'GoogleUtilities_GoogleUtilities-Environment' in project 'GoogleUtilities' (no dependencies)
    Target 'FirebaseCoreInternal' in project 'Firebase'
        ➜ Explicit dependency on target 'Firebase_FirebaseCoreInternal' in project 'Firebase'
        ➜ Explicit dependency on target 'GULNSData' in project 'GoogleUtilities'
    Target 'GULNSData' in project 'GoogleUtilities'
        ➜ Explicit dependency on target 'GoogleUtilities-NSData' in project 'GoogleUtilities'
        ➜ Explicit dependency on target 'GoogleUtilities_GoogleUtilities-NSData' in project 'GoogleUtilities'
    Target 'GoogleUtilities-NSData' in project 'GoogleUtilities'
        ➜ Explicit dependency on target 'GoogleUtilities_GoogleUtilities-NSData' in project 'GoogleUtilities'
    Target 'GoogleUtilities_GoogleUtilities-NSData' in project 'GoogleUtilities' (no dependencies)
    Target 'Firebase_FirebaseCoreInternal' in project 'Firebase' (no dependencies)
    Target 'Firebase' in project 'Firebase' (no dependencies)
    Target 'Firebase_FirebaseCore' in project 'Firebase' (no dependencies)

GatherProvisioningInputs

CreateBuildDescription

ExecuteExternalTool /Applications/Xcode.app/Contents/Developer/Toolchains/XcodeDefault.xctoolchain/usr/bin/clang -v -E -dM -arch arm64 -isysroot /Applications/Xcode.app/Contents/Developer/Platforms/iPhoneSimulator.platform/Developer/SDKs/iPhoneSimulator26.2.sdk -x objective-c -c /dev/null

ExecuteExternalTool /Applications/Xcode.app/Contents/Developer/Toolchains/XcodeDefault.xctoolchain/usr/bin/swiftc --version

ExecuteExternalTool /Applications/Xcode.app/Contents/Developer/Toolchains/XcodeDefault.xctoolchain/usr/bin/clang -v -E -dM -isysroot /Applications/Xcode.app/Contents/Developer/Platforms/iPhoneSimulator.platform/Developer/SDKs/iPhoneSimulator26.2.sdk -x c -c /dev/null

ExecuteExternalTool /Applications/Xcode.app/Contents/Developer/usr/bin/momc --dry-run --action generate --swift-version 5.0 --sdkroot /Applications/Xcode.app/Contents/Developer/Platforms/iPhoneSimulator.platform/Developer/SDKs/iPhoneSimulator26.2.sdk --iphonesimulator-deployment-target 26.2 --module SafeWalk /Users/COBSCCOMP242P-064/dev/SafeWalk/SafeWalk/Persistence/SafeWalk.xcdatamodeld /Users/COBSCCOMP242P-064/Library/Developer/Xcode/DerivedData/SafeWalk-cbnnnpyfdimetqbsrrswqsixenag/Build/Intermediates.noindex/SafeWalk.build/Debug-iphonesimulator/SafeWalk.build/DerivedSources/CoreDataGenerated/SafeWalk

ExecuteExternalTool /Applications/Xcode.app/Contents/Developer/usr/bin/actool --print-asset-tag-combinations --output-format xml1 /Users/COBSCCOMP242P-064/dev/SafeWalk/SafeWalk/Assets.xcassets

ExecuteExternalTool /Applications/Xcode.app/Contents/Developer/usr/bin/actool --version --output-format xml1

ExecuteExternalTool /Applications/Xcode.app/Contents/Developer/Toolchains/XcodeDefault.xctoolchain/usr/bin/clang -v -E -dM -arch arm64 -isysroot /Applications/Xcode.app/Contents/Developer/Platforms/iPhoneSimulator.platform/Developer/SDKs/iPhoneSimulator26.2.sdk -x c -c /dev/null

ExecuteExternalTool /Applications/Xcode.app/Contents/Developer/Toolchains/XcodeDefault.xctoolchain/usr/bin/ld -version_details

ExecuteExternalTool /Applications/Xcode.app/Contents/Developer/Toolchains/XcodeDefault.xctoolchain/usr/bin/clang -v -E -dM -arch x86_64 -isysroot /Applications/Xcode.app/Contents/Developer/Platforms/iPhoneSimulator.platform/Developer/SDKs/iPhoneSimulator26.2.sdk -x objective-c -c /dev/null

ExecuteExternalTool /Applications/Xcode.app/Contents/Developer/Toolchains/XcodeDefault.xctoolchain/usr/bin/clang -v -E -dM -arch arm64 -isysroot /Applications/Xcode.app/Contents/Developer/Platforms/iPhoneSimulator.platform/Developer/SDKs/iPhoneSimulator26.2.sdk -x c++ -c /dev/null

ExecuteExternalTool /Applications/Xcode.app/Contents/Developer/Toolchains/XcodeDefault.xctoolchain/usr/bin/clang -v -E -dM -arch x86_64 -isysroot /Applications/Xcode.app/Contents/Developer/Platforms/iPhoneSimulator.platform/Developer/SDKs/iPhoneSimulator26.2.sdk -x c -c /dev/null

ExecuteExternalTool /Applications/Xcode.app/Contents/Developer/Toolchains/XcodeDefault.xctoolchain/usr/bin/clang -v -E -dM -arch x86_64 -isysroot /Applications/Xcode.app/Contents/Developer/Platforms/iPhoneSimulator.platform/Developer/SDKs/iPhoneSimulator26.2.sdk -x c++ -c /dev/null

Build description signature: 8adaea2dd6c2e07f9318946d32597acc
Build description path: /Users/COBSCCOMP242P-064/Library/Developer/Xcode/DerivedData/SafeWalk-cbnnnpyfdimetqbsrrswqsixenag/Build/Intermediates.noindex/XCBuildData/8adaea2dd6c2e07f9318946d32597acc.xcbuilddata
ClangStatCache /Applications/Xcode.app/Contents/Developer/Toolchains/XcodeDefault.xctoolchain/usr/bin/clang-stat-cache /Applications/Xcode.app/Contents/Developer/Platforms/iPhoneSimulator.platform/Developer/SDKs/iPhoneSimulator26.2.sdk /Users/COBSCCOMP242P-064/Library/Developer/Xcode/DerivedData/SDKStatCaches.noindex/iphonesimulator26.2-23C53-7d00a8b37fbd7999ea79df8ebc024bf0.sdkstatcache
    cd /Users/COBSCCOMP242P-064/dev/SafeWalk/SafeWalk.xcodeproj
    /Applications/Xcode.app/Contents/Developer/Toolchains/XcodeDefault.xctoolchain/usr/bin/clang-stat-cache /Applications/Xcode.app/Contents/Developer/Platforms/iPhoneSimulator.platform/Developer/SDKs/iPhoneSimulator26.2.sdk -o /Users/COBSCCOMP242P-064/Library/Developer/Xcode/DerivedData/SDKStatCaches.noindex/iphonesimulator26.2-23C53-7d00a8b37fbd7999ea79df8ebc024bf0.sdkstatcache

ProcessInfoPlistFile /Users/COBSCCOMP242P-064/Library/Developer/Xcode/DerivedData/SafeWalk-cbnnnpyfdimetqbsrrswqsixenag/Build/Products/Debug-iphonesimulator/leveldb_leveldb.bundle/Info.plist /Users/COBSCCOMP242P-064/Library/Developer/Xcode/DerivedData/SafeWalk-cbnnnpyfdimetqbsrrswqsixenag/Build/Intermediates.noindex/leveldb.build/Debug-iphonesimulator/leveldb_leveldb.build/empty-leveldb_leveldb.plist (in target 'leveldb_leveldb' from project 'leveldb')
    cd /Users/COBSCCOMP242P-064/Library/Developer/Xcode/DerivedData/SafeWalk-cbnnnpyfdimetqbsrrswqsixenag/SourcePackages/checkouts/leveldb
    builtin-infoPlistUtility /Users/COBSCCOMP242P-064/Library/Developer/Xcode/DerivedData/SafeWalk-cbnnnpyfdimetqbsrrswqsixenag/Build/Intermediates.noindex/leveldb.build/Debug-iphonesimulator/leveldb_leveldb.build/empty-leveldb_leveldb.plist -producttype com.apple.product-type.bundle -expandbuildsettings -format binary -platform iphonesimulator -o /Users/COBSCCOMP242P-064/Library/Developer/Xcode/DerivedData/SafeWalk-cbnnnpyfdimetqbsrrswqsixenag/Build/Products/Debug-iphonesimulator/leveldb_leveldb.bundle/Info.plist

ProcessInfoPlistFile /Users/COBSCCOMP242P-064/Library/Developer/Xcode/DerivedData/SafeWalk-cbnnnpyfdimetqbsrrswqsixenag/Build/Products/Debug-iphonesimulator/nanopb_nanopb.bundle/Info.plist /Users/COBSCCOMP242P-064/Library/Developer/Xcode/DerivedData/SafeWalk-cbnnnpyfdimetqbsrrswqsixenag/Build/Intermediates.noindex/nanopb.build/Debug-iphonesimulator/nanopb_nanopb.build/empty-nanopb_nanopb.plist (in target 'nanopb_nanopb' from project 'nanopb')
    cd /Users/COBSCCOMP242P-064/Library/Developer/Xcode/DerivedData/SafeWalk-cbnnnpyfdimetqbsrrswqsixenag/SourcePackages/checkouts/nanopb
    builtin-infoPlistUtility /Users/COBSCCOMP242P-064/Library/Developer/Xcode/DerivedData/SafeWalk-cbnnnpyfdimetqbsrrswqsixenag/Build/Intermediates.noindex/nanopb.build/Debug-iphonesimulator/nanopb_nanopb.build/empty-nanopb_nanopb.plist -producttype com.apple.product-type.bundle -expandbuildsettings -format binary -platform iphonesimulator -o /Users/COBSCCOMP242P-064/Library/Developer/Xcode/DerivedData/SafeWalk-cbnnnpyfdimetqbsrrswqsixenag/Build/Products/Debug-iphonesimulator/nanopb_nanopb.bundle/Info.plist

ProcessInfoPlistFile /Users/COBSCCOMP242P-064/Library/Developer/Xcode/DerivedData/SafeWalk-cbnnnpyfdimetqbsrrswqsixenag/Build/Products/Debug-iphonesimulator/gRPC_opensslWrapper.bundle/Info.plist /Users/COBSCCOMP242P-064/Library/Developer/Xcode/DerivedData/SafeWalk-cbnnnpyfdimetqbsrrswqsixenag/Build/Intermediates.noindex/gRPC.build/Debug-iphonesimulator/gRPC_opensslWrapper.build/empty-gRPC_opensslWrapper.plist (in target 'gRPC_opensslWrapper' from project 'gRPC')
    cd /Users/COBSCCOMP242P-064/Library/Developer/Xcode/DerivedData/SafeWalk-cbnnnpyfdimetqbsrrswqsixenag/SourcePackages/checkouts/grpc-binary
    builtin-infoPlistUtility /Users/COBSCCOMP242P-064/Library/Developer/Xcode/DerivedData/SafeWalk-cbnnnpyfdimetqbsrrswqsixenag/Build/Intermediates.noindex/gRPC.build/Debug-iphonesimulator/gRPC_opensslWrapper.build/empty-gRPC_opensslWrapper.plist -producttype com.apple.product-type.bundle -expandbuildsettings -format binary -platform iphonesimulator -o /Users/COBSCCOMP242P-064/Library/Developer/Xcode/DerivedData/SafeWalk-cbnnnpyfdimetqbsrrswqsixenag/Build/Products/Debug-iphonesimulator/gRPC_opensslWrapper.bundle/Info.plist

ProcessInfoPlistFile /Users/COBSCCOMP242P-064/Library/Developer/Xcode/DerivedData/SafeWalk-cbnnnpyfdimetqbsrrswqsixenag/Build/Products/Debug-iphonesimulator/gRPC_grpcppWrapper.bundle/Info.plist /Users/COBSCCOMP242P-064/Library/Developer/Xcode/DerivedData/SafeWalk-cbnnnpyfdimetqbsrrswqsixenag/Build/Intermediates.noindex/gRPC.build/Debug-iphonesimulator/gRPC_grpcppWrapper.build/empty-gRPC_grpcppWrapper.plist (in target 'gRPC_grpcppWrapper' from project 'gRPC')
    cd /Users/COBSCCOMP242P-064/Library/Developer/Xcode/DerivedData/SafeWalk-cbnnnpyfdimetqbsrrswqsixenag/SourcePackages/checkouts/grpc-binary
    builtin-infoPlistUtility /Users/COBSCCOMP242P-064/Library/Developer/Xcode/DerivedData/SafeWalk-cbnnnpyfdimetqbsrrswqsixenag/Build/Intermediates.noindex/gRPC.build/Debug-iphonesimulator/gRPC_grpcppWrapper.build/empty-gRPC_grpcppWrapper.plist -producttype com.apple.product-type.bundle -expandbuildsettings -format binary -platform iphonesimulator -o /Users/COBSCCOMP242P-064/Library/Developer/Xcode/DerivedData/SafeWalk-cbnnnpyfdimetqbsrrswqsixenag/Build/Products/Debug-iphonesimulator/gRPC_grpcppWrapper.bundle/Info.plist

ProcessInfoPlistFile /Users/COBSCCOMP242P-064/Library/Developer/Xcode/DerivedData/SafeWalk-cbnnnpyfdimetqbsrrswqsixenag/Build/Products/Debug-iphonesimulator/gRPC_grpcWrapper.bundle/Info.plist /Users/COBSCCOMP242P-064/Library/Developer/Xcode/DerivedData/SafeWalk-cbnnnpyfdimetqbsrrswqsixenag/Build/Intermediates.noindex/gRPC.build/Debug-iphonesimulator/gRPC_grpcWrapper.build/empty-gRPC_grpcWrapper.plist (in target 'gRPC_grpcWrapper' from project 'gRPC')
    cd /Users/COBSCCOMP242P-064/Library/Developer/Xcode/DerivedData/SafeWalk-cbnnnpyfdimetqbsrrswqsixenag/SourcePackages/checkouts/grpc-binary
    builtin-infoPlistUtility /Users/COBSCCOMP242P-064/Library/Developer/Xcode/DerivedData/SafeWalk-cbnnnpyfdimetqbsrrswqsixenag/Build/Intermediates.noindex/gRPC.build/Debug-iphonesimulator/gRPC_grpcWrapper.build/empty-gRPC_grpcWrapper.plist -producttype com.apple.product-type.bundle -expandbuildsettings -format binary -platform iphonesimulator -o /Users/COBSCCOMP242P-064/Library/Developer/Xcode/DerivedData/SafeWalk-cbnnnpyfdimetqbsrrswqsixenag/Build/Products/Debug-iphonesimulator/gRPC_grpcWrapper.bundle/Info.plist

ProcessInfoPlistFile /Users/COBSCCOMP242P-064/Library/Developer/Xcode/DerivedData/SafeWalk-cbnnnpyfdimetqbsrrswqsixenag/Build/Products/Debug-iphonesimulator/abseil_abslWrapper.bundle/Info.plist /Users/COBSCCOMP242P-064/Library/Developer/Xcode/DerivedData/SafeWalk-cbnnnpyfdimetqbsrrswqsixenag/Build/Intermediates.noindex/abseil.build/Debug-iphonesimulator/abseil_abslWrapper.build/empty-abseil_abslWrapper.plist (in target 'abseil_abslWrapper' from project 'abseil')
    cd /Users/COBSCCOMP242P-064/Library/Developer/Xcode/DerivedData/SafeWalk-cbnnnpyfdimetqbsrrswqsixenag/SourcePackages/checkouts/abseil-cpp-binary
    builtin-infoPlistUtility /Users/COBSCCOMP242P-064/Library/Developer/Xcode/DerivedData/SafeWalk-cbnnnpyfdimetqbsrrswqsixenag/Build/Intermediates.noindex/abseil.build/Debug-iphonesimulator/abseil_abslWrapper.build/empty-abseil_abslWrapper.plist -producttype com.apple.product-type.bundle -expandbuildsettings -format binary -platform iphonesimulator -o /Users/COBSCCOMP242P-064/Library/Developer/Xcode/DerivedData/SafeWalk-cbnnnpyfdimetqbsrrswqsixenag/Build/Products/Debug-iphonesimulator/abseil_abslWrapper.bundle/Info.plist

ProcessInfoPlistFile /Users/COBSCCOMP242P-064/Library/Developer/Xcode/DerivedData/SafeWalk-cbnnnpyfdimetqbsrrswqsixenag/Build/Products/Debug-iphonesimulator/GoogleUtilities_GoogleUtilities-NSData.bundle/Info.plist /Users/COBSCCOMP242P-064/Library/Developer/Xcode/DerivedData/SafeWalk-cbnnnpyfdimetqbsrrswqsixenag/Build/Intermediates.noindex/GoogleUtilities.build/Debug-iphonesimulator/GoogleUtilities_GoogleUtilities-NSData.build/empty-GoogleUtilities_GoogleUtilities-NSData.plist (in target 'GoogleUtilities_GoogleUtilities-NSData' from project 'GoogleUtilities')
    cd /Users/COBSCCOMP242P-064/Library/Developer/Xcode/DerivedData/SafeWalk-cbnnnpyfdimetqbsrrswqsixenag/SourcePackages/checkouts/GoogleUtilities
    builtin-infoPlistUtility /Users/COBSCCOMP242P-064/Library/Developer/Xcode/DerivedData/SafeWalk-cbnnnpyfdimetqbsrrswqsixenag/Build/Intermediates.noindex/GoogleUtilities.build/Debug-iphonesimulator/GoogleUtilities_GoogleUtilities-NSData.build/empty-GoogleUtilities_GoogleUtilities-NSData.plist -producttype com.apple.product-type.bundle -expandbuildsettings -format binary -platform iphonesimulator -o /Users/COBSCCOMP242P-064/Library/Developer/Xcode/DerivedData/SafeWalk-cbnnnpyfdimetqbsrrswqsixenag/Build/Products/Debug-iphonesimulator/GoogleUtilities_GoogleUtilities-NSData.bundle/Info.plist

ProcessInfoPlistFile /Users/COBSCCOMP242P-064/Library/Developer/Xcode/DerivedData/SafeWalk-cbnnnpyfdimetqbsrrswqsixenag/Build/Products/Debug-iphonesimulator/GoogleUtilities_GoogleUtilities-Logger.bundle/Info.plist /Users/COBSCCOMP242P-064/Library/Developer/Xcode/DerivedData/SafeWalk-cbnnnpyfdimetqbsrrswqsixenag/Build/Intermediates.noindex/GoogleUtilities.build/Debug-iphonesimulator/GoogleUtilities_GoogleUtilities-Logger.build/empty-GoogleUtilities_GoogleUtilities-Logger.plist (in target 'GoogleUtilities_GoogleUtilities-Logger' from project 'GoogleUtilities')
    cd /Users/COBSCCOMP242P-064/Library/Developer/Xcode/DerivedData/SafeWalk-cbnnnpyfdimetqbsrrswqsixenag/SourcePackages/checkouts/GoogleUtilities
    builtin-infoPlistUtility /Users/COBSCCOMP242P-064/Library/Developer/Xcode/DerivedData/SafeWalk-cbnnnpyfdimetqbsrrswqsixenag/Build/Intermediates.noindex/GoogleUtilities.build/Debug-iphonesimulator/GoogleUtilities_GoogleUtilities-Logger.build/empty-GoogleUtilities_GoogleUtilities-Logger.plist -producttype com.apple.product-type.bundle -expandbuildsettings -format binary -platform iphonesimulator -o /Users/COBSCCOMP242P-064/Library/Developer/Xcode/DerivedData/SafeWalk-cbnnnpyfdimetqbsrrswqsixenag/Build/Products/Debug-iphonesimulator/GoogleUtilities_GoogleUtilities-Logger.bundle/Info.plist

ProcessInfoPlistFile /Users/COBSCCOMP242P-064/Library/Developer/Xcode/DerivedData/SafeWalk-cbnnnpyfdimetqbsrrswqsixenag/Build/Products/Debug-iphonesimulator/GoogleUtilities_GoogleUtilities-Environment.bundle/Info.plist /Users/COBSCCOMP242P-064/Library/Developer/Xcode/DerivedData/SafeWalk-cbnnnpyfdimetqbsrrswqsixenag/Build/Intermediates.noindex/GoogleUtilities.build/Debug-iphonesimulator/GoogleUtilities_GoogleUtilities-Environment.build/empty-GoogleUtilities_GoogleUtilities-Environment.plist (in target 'GoogleUtilities_GoogleUtilities-Environment' from project 'GoogleUtilities')
    cd /Users/COBSCCOMP242P-064/Library/Developer/Xcode/DerivedData/SafeWalk-cbnnnpyfdimetqbsrrswqsixenag/SourcePackages/checkouts/GoogleUtilities
    builtin-infoPlistUtility /Users/COBSCCOMP242P-064/Library/Developer/Xcode/DerivedData/SafeWalk-cbnnnpyfdimetqbsrrswqsixenag/Build/Intermediates.noindex/GoogleUtilities.build/Debug-iphonesimulator/GoogleUtilities_GoogleUtilities-Environment.build/empty-GoogleUtilities_GoogleUtilities-Environment.plist -producttype com.apple.product-type.bundle -expandbuildsettings -format binary -platform iphonesimulator -o /Users/COBSCCOMP242P-064/Library/Developer/Xcode/DerivedData/SafeWalk-cbnnnpyfdimetqbsrrswqsixenag/Build/Products/Debug-iphonesimulator/GoogleUtilities_GoogleUtilities-Environment.bundle/Info.plist

ProcessInfoPlistFile /Users/COBSCCOMP242P-064/Library/Developer/Xcode/DerivedData/SafeWalk-cbnnnpyfdimetqbsrrswqsixenag/Build/Products/Debug-iphonesimulator/Firebase_FirebaseFirestore.bundle/Info.plist /Users/COBSCCOMP242P-064/Library/Developer/Xcode/DerivedData/SafeWalk-cbnnnpyfdimetqbsrrswqsixenag/Build/Intermediates.noindex/Firebase.build/Debug-iphonesimulator/Firebase_FirebaseFirestore.build/empty-Firebase_FirebaseFirestore.plist (in target 'Firebase_FirebaseFirestore' from project 'Firebase')
    cd /Users/COBSCCOMP242P-064/Library/Developer/Xcode/DerivedData/SafeWalk-cbnnnpyfdimetqbsrrswqsixenag/SourcePackages/checkouts/firebase-ios-sdk
    builtin-infoPlistUtility /Users/COBSCCOMP242P-064/Library/Developer/Xcode/DerivedData/SafeWalk-cbnnnpyfdimetqbsrrswqsixenag/Build/Intermediates.noindex/Firebase.build/Debug-iphonesimulator/Firebase_FirebaseFirestore.build/empty-Firebase_FirebaseFirestore.plist -producttype com.apple.product-type.bundle -expandbuildsettings -format binary -platform iphonesimulator -o /Users/COBSCCOMP242P-064/Library/Developer/Xcode/DerivedData/SafeWalk-cbnnnpyfdimetqbsrrswqsixenag/Build/Products/Debug-iphonesimulator/Firebase_FirebaseFirestore.bundle/Info.plist

ProcessInfoPlistFile /Users/COBSCCOMP242P-064/Library/Developer/Xcode/DerivedData/SafeWalk-cbnnnpyfdimetqbsrrswqsixenag/Build/Products/Debug-iphonesimulator/Firebase_FirebaseCoreInternal.bundle/Info.plist /Users/COBSCCOMP242P-064/Library/Developer/Xcode/DerivedData/SafeWalk-cbnnnpyfdimetqbsrrswqsixenag/Build/Intermediates.noindex/Firebase.build/Debug-iphonesimulator/Firebase_FirebaseCoreInternal.build/empty-Firebase_FirebaseCoreInternal.plist (in target 'Firebase_FirebaseCoreInternal' from project 'Firebase')
    cd /Users/COBSCCOMP242P-064/Library/Developer/Xcode/DerivedData/SafeWalk-cbnnnpyfdimetqbsrrswqsixenag/SourcePackages/checkouts/firebase-ios-sdk
    builtin-infoPlistUtility /Users/COBSCCOMP242P-064/Library/Developer/Xcode/DerivedData/SafeWalk-cbnnnpyfdimetqbsrrswqsixenag/Build/Intermediates.noindex/Firebase.build/Debug-iphonesimulator/Firebase_FirebaseCoreInternal.build/empty-Firebase_FirebaseCoreInternal.plist -producttype com.apple.product-type.bundle -expandbuildsettings -format binary -platform iphonesimulator -o /Users/COBSCCOMP242P-064/Library/Developer/Xcode/DerivedData/SafeWalk-cbnnnpyfdimetqbsrrswqsixenag/Build/Products/Debug-iphonesimulator/Firebase_FirebaseCoreInternal.bundle/Info.plist

ProcessInfoPlistFile /Users/COBSCCOMP242P-064/Library/Developer/Xcode/DerivedData/SafeWalk-cbnnnpyfdimetqbsrrswqsixenag/Build/Products/Debug-iphonesimulator/Firebase_FirebaseCoreExtension.bundle/Info.plist /Users/COBSCCOMP242P-064/Library/Developer/Xcode/DerivedData/SafeWalk-cbnnnpyfdimetqbsrrswqsixenag/Build/Intermediates.noindex/Firebase.build/Debug-iphonesimulator/Firebase_FirebaseCoreExtension.build/empty-Firebase_FirebaseCoreExtension.plist (in target 'Firebase_FirebaseCoreExtension' from project 'Firebase')
    cd /Users/COBSCCOMP242P-064/Library/Developer/Xcode/DerivedData/SafeWalk-cbnnnpyfdimetqbsrrswqsixenag/SourcePackages/checkouts/firebase-ios-sdk
    builtin-infoPlistUtility /Users/COBSCCOMP242P-064/Library/Developer/Xcode/DerivedData/SafeWalk-cbnnnpyfdimetqbsrrswqsixenag/Build/Intermediates.noindex/Firebase.build/Debug-iphonesimulator/Firebase_FirebaseCoreExtension.build/empty-Firebase_FirebaseCoreExtension.plist -producttype com.apple.product-type.bundle -expandbuildsettings -format binary -platform iphonesimulator -o /Users/COBSCCOMP242P-064/Library/Developer/Xcode/DerivedData/SafeWalk-cbnnnpyfdimetqbsrrswqsixenag/Build/Products/Debug-iphonesimulator/Firebase_FirebaseCoreExtension.bundle/Info.plist

ProcessInfoPlistFile /Users/COBSCCOMP242P-064/Library/Developer/Xcode/DerivedData/SafeWalk-cbnnnpyfdimetqbsrrswqsixenag/Build/Products/Debug-iphonesimulator/Firebase_FirebaseCore.bundle/Info.plist /Users/COBSCCOMP242P-064/Library/Developer/Xcode/DerivedData/SafeWalk-cbnnnpyfdimetqbsrrswqsixenag/Build/Intermediates.noindex/Firebase.build/Debug-iphonesimulator/Firebase_FirebaseCore.build/empty-Firebase_FirebaseCore.plist (in target 'Firebase_FirebaseCore' from project 'Firebase')
    cd /Users/COBSCCOMP242P-064/Library/Developer/Xcode/DerivedData/SafeWalk-cbnnnpyfdimetqbsrrswqsixenag/SourcePackages/checkouts/firebase-ios-sdk
    builtin-infoPlistUtility /Users/COBSCCOMP242P-064/Library/Developer/Xcode/DerivedData/SafeWalk-cbnnnpyfdimetqbsrrswqsixenag/Build/Intermediates.noindex/Firebase.build/Debug-iphonesimulator/Firebase_FirebaseCore.build/empty-Firebase_FirebaseCore.plist -producttype com.apple.product-type.bundle -expandbuildsettings -format binary -platform iphonesimulator -o /Users/COBSCCOMP242P-064/Library/Developer/Xcode/DerivedData/SafeWalk-cbnnnpyfdimetqbsrrswqsixenag/Build/Products/Debug-iphonesimulator/Firebase_FirebaseCore.bundle/Info.plist

SwiftDriver SafeWalk normal arm64 com.apple.xcode.tools.swift.compiler (in target 'SafeWalk' from project 'SafeWalk')
    cd /Users/COBSCCOMP242P-064/dev/SafeWalk
    builtin-SwiftDriver -- /Applications/Xcode.app/Contents/Developer/Toolchains/XcodeDefault.xctoolchain/usr/bin/swiftc -module-name SafeWalk -Onone -enforce-exclusivity\=checked @/Users/COBSCCOMP242P-064/Library/Developer/Xcode/DerivedData/SafeWalk-cbnnnpyfdimetqbsrrswqsixenag/Build/Intermediates.noindex/SafeWalk.build/Debug-iphonesimulator/SafeWalk.build/Objects-normal/arm64/SafeWalk.SwiftFileList -DDEBUG -Xcc -fmodule-map-file\=/Users/COBSCCOMP242P-064/Library/Developer/Xcode/DerivedData/SafeWalk-cbnnnpyfdimetqbsrrswqsixenag/Build/Intermediates.noindex/GeneratedModuleMaps-iphonesimulator/GoogleUtilities-NSData.modulemap -Xcc -fmodule-map-file\=/Users/COBSCCOMP242P-064/Library/Developer/Xcode/DerivedData/SafeWalk-cbnnnpyfdimetqbsrrswqsixenag/Build/Intermediates.noindex/GeneratedModuleMaps-iphonesimulator/GoogleUtilities-Environment.modulemap -Xcc -fmodule-map-file\=/Users/COBSCCOMP242P-064/Library/Developer/Xcode/DerivedData/SafeWalk-cbnnnpyfdimetqbsrrswqsixenag/Build/Intermediates.noindex/GeneratedModuleMaps-iphonesimulator/third-party-IsAppEncrypted.modulemap -Xcc -fmodule-map-file\=/Users/COBSCCOMP242P-064/Library/Developer/Xcode/DerivedData/SafeWalk-cbnnnpyfdimetqbsrrswqsixenag/Build/Intermediates.noindex/GeneratedModuleMaps-iphonesimulator/GoogleUtilities-Logger.modulemap -Xcc -fmodule-map-file\=/Users/COBSCCOMP242P-064/Library/Developer/Xcode/DerivedData/SafeWalk-cbnnnpyfdimetqbsrrswqsixenag/Build/Intermediates.noindex/GeneratedModuleMaps-iphonesimulator/abslWrapper.modulemap -Xcc -fmodule-map-file\=/Users/COBSCCOMP242P-064/Library/Developer/Xcode/DerivedData/SafeWalk-cbnnnpyfdimetqbsrrswqsixenag/Build/Intermediates.noindex/GeneratedModuleMaps-iphonesimulator/opensslWrapper.modulemap -Xcc -fmodule-map-file\=/Users/COBSCCOMP242P-064/Library/Developer/Xcode/DerivedData/SafeWalk-cbnnnpyfdimetqbsrrswqsixenag/Build/Intermediates.noindex/GeneratedModuleMaps-iphonesimulator/grpcWrapper.modulemap -Xcc -fmodule-map-file\=/Users/COBSCCOMP242P-064/Library/Developer/Xcode/DerivedData/SafeWalk-cbnnnpyfdimetqbsrrswqsixenag/Build/Intermediates.noindex/GeneratedModuleMaps-iphonesimulator/grpcppWrapper.modulemap -Xcc -fmodule-map-file\=/Users/COBSCCOMP242P-064/Library/Developer/Xcode/DerivedData/SafeWalk-cbnnnpyfdimetqbsrrswqsixenag/Build/Intermediates.noindex/GeneratedModuleMaps-iphonesimulator/nanopb.modulemap -Xcc -fmodule-map-file\=/Users/COBSCCOMP242P-064/Library/Developer/Xcode/DerivedData/SafeWalk-cbnnnpyfdimetqbsrrswqsixenag/Build/Intermediates.noindex/GeneratedModuleMaps-iphonesimulator/leveldb.modulemap -Xcc -fmodule-map-file\=/Users/COBSCCOMP242P-064/Library/Developer/Xcode/DerivedData/SafeWalk-cbnnnpyfdimetqbsrrswqsixenag/Build/Intermediates.noindex/GeneratedModuleMaps-iphonesimulator/FirebaseCoreExtension.modulemap -Xcc -fmodule-map-file\=/Users/COBSCCOMP242P-064/Library/Developer/Xcode/DerivedData/SafeWalk-cbnnnpyfdimetqbsrrswqsixenag/Build/Intermediates.noindex/GeneratedModuleMaps-iphonesimulator/FirebaseCore.modulemap -Xcc -fmodule-map-file\=/Users/COBSCCOMP242P-064/Library/Developer/Xcode/DerivedData/SafeWalk-cbnnnpyfdimetqbsrrswqsixenag/Build/Intermediates.noindex/GeneratedModuleMaps-iphonesimulator/FirebaseAppCheckInterop.modulemap -Xcc -fmodule-map-file\=/Users/COBSCCOMP242P-064/Library/Developer/Xcode/DerivedData/SafeWalk-cbnnnpyfdimetqbsrrswqsixenag/Build/Intermediates.noindex/GeneratedModuleMaps-iphonesimulator/FirebaseFirestoreInternalWrapper.modulemap -Xcc -fmodule-map-file\=/Users/COBSCCOMP242P-064/Library/Developer/Xcode/DerivedData/SafeWalk-cbnnnpyfdimetqbsrrswqsixenag/Build/Intermediates.noindex/GeneratedModuleMaps-iphonesimulator/FirebaseFirestoreTarget.modulemap -default-isolation\=MainActor -enable-bare-slash-regex -enable-upcoming-feature DisableOutwardActorInference -enable-upcoming-feature InferSendableFromCaptures -enable-upcoming-feature GlobalActorIsolatedTypesUsability -enable-upcoming-feature MemberImportVisibility -enable-upcoming-feature InferIsolatedConformances -enable-upcoming-feature NonisolatedNonsendingByDefault -enable-experimental-feature DebugDescriptionMacro -sdk /Applications/Xcode.app/Contents/Developer/Platforms/iPhoneSimulator.platform/Developer/SDKs/iPhoneSimulator26.2.sdk -target arm64-apple-ios26.2-simulator -g -module-cache-path /Users/COBSCCOMP242P-064/Library/Developer/Xcode/DerivedData/ModuleCache.noindex -Xfrontend -serialize-debugging-options -enable-testing -index-store-path /Users/COBSCCOMP242P-064/Library/Developer/Xcode/DerivedData/SafeWalk-cbnnnpyfdimetqbsrrswqsixenag/Index.noindex/DataStore -Xcc -D_LIBCPP_HARDENING_MODE\=_LIBCPP_HARDENING_MODE_DEBUG -swift-version 5 -I /Users/COBSCCOMP242P-064/Library/Developer/Xcode/DerivedData/SafeWalk-cbnnnpyfdimetqbsrrswqsixenag/Build/Products/Debug-iphonesimulator -F /Users/COBSCCOMP242P-064/Library/Developer/Xcode/DerivedData/SafeWalk-cbnnnpyfdimetqbsrrswqsixenag/Build/Products/Debug-iphonesimulator/PackageFrameworks -F /Users/COBSCCOMP242P-064/Library/Developer/Xcode/DerivedData/SafeWalk-cbnnnpyfdimetqbsrrswqsixenag/Build/Products/Debug-iphonesimulator/PackageFrameworks -F /Users/COBSCCOMP242P-064/Library/Developer/Xcode/DerivedData/SafeWalk-cbnnnpyfdimetqbsrrswqsixenag/Build/Products/Debug-iphonesimulator/PackageFrameworks -F /Users/COBSCCOMP242P-064/Library/Developer/Xcode/DerivedData/SafeWalk-cbnnnpyfdimetqbsrrswqsixenag/Build/Products/Debug-iphonesimulator/PackageFrameworks -F /Users/COBSCCOMP242P-064/Library/Developer/Xcode/DerivedData/SafeWalk-cbnnnpyfdimetqbsrrswqsixenag/Build/Products/Debug-iphonesimulator/PackageFrameworks -F /Users/COBSCCOMP242P-064/Library/Developer/Xcode/DerivedData/SafeWalk-cbnnnpyfdimetqbsrrswqsixenag/Build/Products/Debug-iphonesimulator/PackageFrameworks -F /Users/COBSCCOMP242P-064/Library/Developer/Xcode/DerivedData/SafeWalk-cbnnnpyfdimetqbsrrswqsixenag/Build/Products/Debug-iphonesimulator/PackageFrameworks -F /Users/COBSCCOMP242P-064/Library/Developer/Xcode/DerivedData/SafeWalk-cbnnnpyfdimetqbsrrswqsixenag/Build/Products/Debug-iphonesimulator/PackageFrameworks -F /Users/COBSCCOMP242P-064/Library/Developer/Xcode/DerivedData/SafeWalk-cbnnnpyfdimetqbsrrswqsixenag/Build/Products/Debug-iphonesimulator/PackageFrameworks -F /Users/COBSCCOMP242P-064/Library/Developer/Xcode/DerivedData/SafeWalk-cbnnnpyfdimetqbsrrswqsixenag/Build/Products/Debug-iphonesimulator/PackageFrameworks -F /Users/COBSCCOMP242P-064/Library/Developer/Xcode/DerivedData/SafeWalk-cbnnnpyfdimetqbsrrswqsixenag/Build/Products/Debug-iphonesimulator/PackageFrameworks -F /Users/COBSCCOMP242P-064/Library/Developer/Xcode/DerivedData/SafeWalk-cbnnnpyfdimetqbsrrswqsixenag/Build/Products/Debug-iphonesimulator/PackageFrameworks -F /Users/COBSCCOMP242P-064/Library/Developer/Xcode/DerivedData/SafeWalk-cbnnnpyfdimetqbsrrswqsixenag/Build/Products/Debug-iphonesimulator/PackageFrameworks -F /Users/COBSCCOMP242P-064/Library/Developer/Xcode/DerivedData/SafeWalk-cbnnnpyfdimetqbsrrswqsixenag/Build/Products/Debug-iphonesimulator/PackageFrameworks -F /Users/COBSCCOMP242P-064/Library/Developer/Xcode/DerivedData/SafeWalk-cbnnnpyfdimetqbsrrswqsixenag/Build/Products/Debug-iphonesimulator/PackageFrameworks -F /Users/COBSCCOMP242P-064/Library/Developer/Xcode/DerivedData/SafeWalk-cbnnnpyfdimetqbsrrswqsixenag/Build/Products/Debug-iphonesimulator/PackageFrameworks -F /Users/COBSCCOMP242P-064/Library/Developer/Xcode/DerivedData/SafeWalk-cbnnnpyfdimetqbsrrswqsixenag/Build/Products/Debug-iphonesimulator/PackageFrameworks -F /Users/COBSCCOMP242P-064/Library/Developer/Xcode/DerivedData/SafeWalk-cbnnnpyfdimetqbsrrswqsixenag/Build/Products/Debug-iphonesimulator/PackageFrameworks -F /Users/COBSCCOMP242P-064/Library/Developer/Xcode/DerivedData/SafeWalk-cbnnnpyfdimetqbsrrswqsixenag/Build/Products/Debug-iphonesimulator/PackageFrameworks -F /Users/COBSCCOMP242P-064/Library/Developer/Xcode/DerivedData/SafeWalk-cbnnnpyfdimetqbsrrswqsixenag/Build/Products/Debug-iphonesimulator -emit-localized-strings -emit-localized-strings-path /Users/COBSCCOMP242P-064/Library/Developer/Xcode/DerivedData/SafeWalk-cbnnnpyfdimetqbsrrswqsixenag/Build/Intermediates.noindex/SafeWalk.build/Debug-iphonesimulator/SafeWalk.build/Objects-normal/arm64 -c -j8 -enable-batch-mode -incremental -Xcc -ivfsstatcache -Xcc /Users/COBSCCOMP242P-064/Library/Developer/Xcode/DerivedData/SDKStatCaches.noindex/iphonesimulator26.2-23C53-7d00a8b37fbd7999ea79df8ebc024bf0.sdkstatcache -output-file-map /Users/COBSCCOMP242P-064/Library/Developer/Xcode/DerivedData/SafeWalk-cbnnnpyfdimetqbsrrswqsixenag/Build/Intermediates.noindex/SafeWalk.build/Debug-iphonesimulator/SafeWalk.build/Objects-normal/arm64/SafeWalk-OutputFileMap.json -use-frontend-parseable-output -save-temps -no-color-diagnostics -explicit-module-build -module-cache-path /Users/COBSCCOMP242P-064/Library/Developer/Xcode/DerivedData/SafeWalk-cbnnnpyfdimetqbsrrswqsixenag/Build/Intermediates.noindex/SwiftExplicitPrecompiledModules -clang-scanner-module-cache-path /Users/COBSCCOMP242P-064/Library/Developer/Xcode/DerivedData/ModuleCache.noindex -sdk-module-cache-path /Users/COBSCCOMP242P-064/Library/Developer/Xcode/DerivedData/ModuleCache.noindex -serialize-diagnostics -emit-dependencies -emit-module -emit-module-path /Users/COBSCCOMP242P-064/Library/Developer/Xcode/DerivedData/SafeWalk-cbnnnpyfdimetqbsrrswqsixenag/Build/Intermediates.noindex/SafeWalk.build/Debug-iphonesimulator/SafeWalk.build/Objects-normal/arm64/SafeWalk.swiftmodule -validate-clang-modules-once -clang-build-session-file /Users/COBSCCOMP242P-064/Library/Developer/Xcode/DerivedData/ModuleCache.noindex/Session.modulevalidation -Xcc -I/Users/COBSCCOMP242P-064/Library/Developer/Xcode/DerivedData/SafeWalk-cbnnnpyfdimetqbsrrswqsixenag/Build/Intermediates.noindex/SafeWalk.build/Debug-iphonesimulator/SafeWalk.build/swift-overrides.hmap -emit-const-values -Xfrontend -const-gather-protocols-file -Xfrontend /Users/COBSCCOMP242P-064/Library/Developer/Xcode/DerivedData/SafeWalk-cbnnnpyfdimetqbsrrswqsixenag/Build/Intermediates.noindex/SafeWalk.build/Debug-iphonesimulator/SafeWalk.build/Objects-normal/arm64/SafeWalk_const_extract_protocols.json -Xcc -iquote -Xcc /Users/COBSCCOMP242P-064/Library/Developer/Xcode/DerivedData/SafeWalk-cbnnnpyfdimetqbsrrswqsixenag/Build/Intermediates.noindex/SafeWalk.build/Debug-iphonesimulator/SafeWalk.build/SafeWalk-generated-files.hmap -Xcc -I/Users/COBSCCOMP242P-064/Library/Developer/Xcode/DerivedData/SafeWalk-cbnnnpyfdimetqbsrrswqsixenag/Build/Intermediates.noindex/SafeWalk.build/Debug-iphonesimulator/SafeWalk.build/SafeWalk-own-target-headers.hmap -Xcc -I/Users/COBSCCOMP242P-064/Library/Developer/Xcode/DerivedData/SafeWalk-cbnnnpyfdimetqbsrrswqsixenag/Build/Intermediates.noindex/SafeWalk.build/Debug-iphonesimulator/SafeWalk.build/SafeWalk-all-non-framework-target-headers.hmap -Xcc -ivfsoverlay -Xcc /Users/COBSCCOMP242P-064/Library/Developer/Xcode/DerivedData/SafeWalk-cbnnnpyfdimetqbsrrswqsixenag/Build/Intermediates.noindex/SafeWalk.build/Debug-iphonesimulator/SafeWalk-30b5ceae729fc4e134bbd2c2e046bcf5-VFS-iphonesimulator/all-product-headers.yaml -Xcc -iquote -Xcc /Users/COBSCCOMP242P-064/Library/Developer/Xcode/DerivedData/SafeWalk-cbnnnpyfdimetqbsrrswqsixenag/Build/Intermediates.noindex/SafeWalk.build/Debug-iphonesimulator/SafeWalk.build/SafeWalk-project-headers.hmap -Xcc -I/Users/COBSCCOMP242P-064/Library/Developer/Xcode/DerivedData/SafeWalk-cbnnnpyfdimetqbsrrswqsixenag/SourcePackages/checkouts/GoogleUtilities/GoogleUtilities/NSData+zlib/Public -Xcc -I/Users/COBSCCOMP242P-064/Library/Developer/Xcode/DerivedData/SafeWalk-cbnnnpyfdimetqbsrrswqsixenag/SourcePackages/checkouts/GoogleUtilities/GoogleUtilities/Environment/Public -Xcc -I/Users/COBSCCOMP242P-064/Library/Developer/Xcode/DerivedData/SafeWalk-cbnnnpyfdimetqbsrrswqsixenag/SourcePackages/checkouts/GoogleUtilities/third_party/IsAppEncrypted/Public -Xcc -I/Users/COBSCCOMP242P-064/Library/Developer/Xcode/DerivedData/SafeWalk-cbnnnpyfdimetqbsrrswqsixenag/SourcePackages/checkouts/GoogleUtilities/GoogleUtilities/Logger/Public -Xcc -I/Users/COBSCCOMP242P-064/Library/Developer/Xcode/DerivedData/SafeWalk-cbnnnpyfdimetqbsrrswqsixenag/SourcePackages/checkouts/abseil-cpp-binary/absl-Wrapper/include -Xcc -I/Users/COBSCCOMP242P-064/Library/Developer/Xcode/DerivedData/SafeWalk-cbnnnpyfdimetqbsrrswqsixenag/SourcePackages/checkouts/grpc-binary/openssl-grpc-Wrapper/include -Xcc -I/Users/COBSCCOMP242P-064/Library/Developer/Xcode/DerivedData/SafeWalk-cbnnnpyfdimetqbsrrswqsixenag/SourcePackages/checkouts/grpc-binary/grpc-Wrapper/include -Xcc -I/Users/COBSCCOMP242P-064/Library/Developer/Xcode/DerivedData/SafeWalk-cbnnnpyfdimetqbsrrswqsixenag/SourcePackages/checkouts/grpc-binary/grpcpp-Wrapper/include -Xcc -I/Users/COBSCCOMP242P-064/Library/Developer/Xcode/DerivedData/SafeWalk-cbnnnpyfdimetqbsrrswqsixenag/SourcePackages/checkouts/nanopb/spm_headers -Xcc -I/Users/COBSCCOMP242P-064/Library/Developer/Xcode/DerivedData/SafeWalk-cbnnnpyfdimetqbsrrswqsixenag/SourcePackages/checkouts/leveldb/include -Xcc -I/Users/COBSCCOMP242P-064/Library/Developer/Xcode/DerivedData/SafeWalk-cbnnnpyfdimetqbsrrswqsixenag/SourcePackages/checkouts/firebase-ios-sdk/FirebaseCore/Extension -Xcc -I/Users/COBSCCOMP242P-064/Library/Developer/Xcode/DerivedData/SafeWalk-cbnnnpyfdimetqbsrrswqsixenag/SourcePackages/checkouts/firebase-ios-sdk/FirebaseCore/Sources/Public -Xcc -I/Users/COBSCCOMP242P-064/Library/Developer/Xcode/DerivedData/SafeWalk-cbnnnpyfdimetqbsrrswqsixenag/SourcePackages/checkouts/firebase-ios-sdk/CoreOnly/Sources -Xcc -I/Users/COBSCCOMP242P-064/Library/Developer/Xcode/DerivedData/SafeWalk-cbnnnpyfdimetqbsrrswqsixenag/SourcePackages/checkouts/firebase-ios-sdk/FirebaseAppCheck/Interop/Public -Xcc -I/Users/COBSCCOMP242P-064/Library/Developer/Xcode/DerivedData/SafeWalk-cbnnnpyfdimetqbsrrswqsixenag/SourcePackages/checkouts/firebase-ios-sdk/FirebaseFirestoreInternal -Xcc -I/Users/COBSCCOMP242P-064/Library/Developer/Xcode/DerivedData/SafeWalk-cbnnnpyfdimetqbsrrswqsixenag/SourcePackages/checkouts/firebase-ios-sdk/SwiftPM-PlatformExclude/FirebaseFirestoreWrap/include -Xcc -I/Users/COBSCCOMP242P-064/Library/Developer/Xcode/DerivedData/SafeWalk-cbnnnpyfdimetqbsrrswqsixenag/Build/Products/Debug-iphonesimulator/include -Xcc -I/Users/COBSCCOMP242P-064/Library/Developer/Xcode/DerivedData/SafeWalk-cbnnnpyfdimetqbsrrswqsixenag/Build/Intermediates.noindex/SafeWalk.build/Debug-iphonesimulator/SafeWalk.build/DerivedSources-normal/arm64 -Xcc -I/Users/COBSCCOMP242P-064/Library/Developer/Xcode/DerivedData/SafeWalk-cbnnnpyfdimetqbsrrswqsixenag/Build/Intermediates.noindex/SafeWalk.build/Debug-iphonesimulator/SafeWalk.build/DerivedSources/arm64 -Xcc -I/Users/COBSCCOMP242P-064/Library/Developer/Xcode/DerivedData/SafeWalk-cbnnnpyfdimetqbsrrswqsixenag/Build/Intermediates.noindex/SafeWalk.build/Debug-iphonesimulator/SafeWalk.build/DerivedSources -Xcc -DDEBUG\=1 -emit-objc-header -emit-objc-header-path /Users/COBSCCOMP242P-064/Library/Developer/Xcode/DerivedData/SafeWalk-cbnnnpyfdimetqbsrrswqsixenag/Build/Intermediates.noindex/SafeWalk.build/Debug-iphonesimulator/SafeWalk.build/Objects-normal/arm64/SafeWalk-Swift.h -working-directory /Users/COBSCCOMP242P-064/dev/SafeWalk -experimental-emit-module-separately -disable-cmo
/Users/COBSCCOMP242P-064/dev/SafeWalk/SafeWalk/Core/UserSessionManager.swift:2:8: error: Unable to find module dependency: 'FirebaseAuth'
import FirebaseAuth
       ^
/Users/COBSCCOMP242P-064/dev/SafeWalk/SafeWalk/Core/UserSessionManager.swift:2:8: note: a dependency of main module 'SafeWalk'
import FirebaseAuth
       ^
/Users/COBSCCOMP242P-064/dev/SafeWalk/SafeWalk/ViewModels/AuthViewModel.swift:2:8: note: also imported here
import FirebaseAuth
       ^
/Users/COBSCCOMP242P-064/dev/SafeWalk/SafeWalk/AppDelegate.swift:1:8: note: also imported here
import FirebaseAuth
       ^
/Users/COBSCCOMP242P-064/dev/SafeWalk/SafeWalk/SafeWalkApp.swift:1:8: note: also imported here
import FirebaseAuth
       ^
/Users/COBSCCOMP242P-064/dev/SafeWalk/SafeWalk/ViewModels/AuthViewModel.swift:3:8: error: Unable to find module dependency: 'GoogleSignIn'
import GoogleSignIn
       ^
/Users/COBSCCOMP242P-064/dev/SafeWalk/SafeWalk/Core/UserSessionManager.swift:2:8: error: Unable to find module dependency: 'FirebaseAuth'
import FirebaseAuth
       ^
/Users/COBSCCOMP242P-064/dev/SafeWalk/SafeWalk/ViewModels/AuthViewModel.swift:3:8: note: a dependency of main module 'SafeWalk'
import GoogleSignIn
       ^
/Users/COBSCCOMP242P-064/dev/SafeWalk/SafeWalk/Core/UserSessionManager.swift:2:8: note: a dependency of main module 'SafeWalk'
import FirebaseAuth
       ^
/Users/COBSCCOMP242P-064/dev/SafeWalk/SafeWalk/ViewModels/AuthViewModel.swift:2:8: note: also imported here
import FirebaseAuth
       ^
/Users/COBSCCOMP242P-064/dev/SafeWalk/SafeWalk/AppDelegate.swift:1:8: note: also imported here
import FirebaseAuth
       ^
/Users/COBSCCOMP242P-064/dev/SafeWalk/SafeWalk/SafeWalkApp.swift:1:8: note: also imported here
import FirebaseAuth
       ^
/Users/COBSCCOMP242P-064/dev/SafeWalk/SafeWalk/ViewModels/AuthViewModel.swift:3:8: error: Unable to find module dependency: 'GoogleSignIn'
import GoogleSignIn
       ^
/Users/COBSCCOMP242P-064/dev/SafeWalk/SafeWalk/ViewModels/AuthViewModel.swift:3:8: note: a dependency of main module 'SafeWalk'
import GoogleSignIn
       ^
/Users/COBSCCOMP242P-064/dev/SafeWalk/SafeWalk/Core/UserSessionManager.swift:2:8: error: Unable to find module dependency: 'FirebaseAuth'
import FirebaseAuth
       ^ (in target 'SafeWalk' from project 'SafeWalk')
/Users/COBSCCOMP242P-064/dev/SafeWalk/SafeWalk/Core/UserSessionManager.swift:2:8: note: A dependency of main module 'SafeWalk'
import FirebaseAuth
       ^ (in target 'SafeWalk' from project 'SafeWalk')
/Users/COBSCCOMP242P-064/dev/SafeWalk/SafeWalk/ViewModels/AuthViewModel.swift:2:8: note: Also imported here
import FirebaseAuth
       ^ (in target 'SafeWalk' from project 'SafeWalk')
/Users/COBSCCOMP242P-064/dev/SafeWalk/SafeWalk/AppDelegate.swift:1:8: note: Also imported here
import FirebaseAuth
       ^ (in target 'SafeWalk' from project 'SafeWalk')
/Users/COBSCCOMP242P-064/dev/SafeWalk/SafeWalk/SafeWalkApp.swift:1:8: note: Also imported here
import FirebaseAuth
       ^ (in target 'SafeWalk' from project 'SafeWalk')
/Users/COBSCCOMP242P-064/dev/SafeWalk/SafeWalk/ViewModels/AuthViewModel.swift:3:8: error: Unable to find module dependency: 'GoogleSignIn'
import GoogleSignIn
       ^ (in target 'SafeWalk' from project 'SafeWalk')
/Users/COBSCCOMP242P-064/dev/SafeWalk/SafeWalk/ViewModels/AuthViewModel.swift:3:8: note: A dependency of main module 'SafeWalk'
import GoogleSignIn
       ^ (in target 'SafeWalk' from project 'SafeWalk')

SwiftDriver SafeWalk normal x86_64 com.apple.xcode.tools.swift.compiler (in target 'SafeWalk' from project 'SafeWalk')
    cd /Users/COBSCCOMP242P-064/dev/SafeWalk
    builtin-SwiftDriver -- /Applications/Xcode.app/Contents/Developer/Toolchains/XcodeDefault.xctoolchain/usr/bin/swiftc -module-name SafeWalk -Onone -enforce-exclusivity\=checked @/Users/COBSCCOMP242P-064/Library/Developer/Xcode/DerivedData/SafeWalk-cbnnnpyfdimetqbsrrswqsixenag/Build/Intermediates.noindex/SafeWalk.build/Debug-iphonesimulator/SafeWalk.build/Objects-normal/x86_64/SafeWalk.SwiftFileList -DDEBUG -Xcc -fmodule-map-file\=/Users/COBSCCOMP242P-064/Library/Developer/Xcode/DerivedData/SafeWalk-cbnnnpyfdimetqbsrrswqsixenag/Build/Intermediates.noindex/GeneratedModuleMaps-iphonesimulator/GoogleUtilities-NSData.modulemap -Xcc -fmodule-map-file\=/Users/COBSCCOMP242P-064/Library/Developer/Xcode/DerivedData/SafeWalk-cbnnnpyfdimetqbsrrswqsixenag/Build/Intermediates.noindex/GeneratedModuleMaps-iphonesimulator/GoogleUtilities-Environment.modulemap -Xcc -fmodule-map-file\=/Users/COBSCCOMP242P-064/Library/Developer/Xcode/DerivedData/SafeWalk-cbnnnpyfdimetqbsrrswqsixenag/Build/Intermediates.noindex/GeneratedModuleMaps-iphonesimulator/third-party-IsAppEncrypted.modulemap -Xcc -fmodule-map-file\=/Users/COBSCCOMP242P-064/Library/Developer/Xcode/DerivedData/SafeWalk-cbnnnpyfdimetqbsrrswqsixenag/Build/Intermediates.noindex/GeneratedModuleMaps-iphonesimulator/GoogleUtilities-Logger.modulemap -Xcc -fmodule-map-file\=/Users/COBSCCOMP242P-064/Library/Developer/Xcode/DerivedData/SafeWalk-cbnnnpyfdimetqbsrrswqsixenag/Build/Intermediates.noindex/GeneratedModuleMaps-iphonesimulator/abslWrapper.modulemap -Xcc -fmodule-map-file\=/Users/COBSCCOMP242P-064/Library/Developer/Xcode/DerivedData/SafeWalk-cbnnnpyfdimetqbsrrswqsixenag/Build/Intermediates.noindex/GeneratedModuleMaps-iphonesimulator/opensslWrapper.modulemap -Xcc -fmodule-map-file\=/Users/COBSCCOMP242P-064/Library/Developer/Xcode/DerivedData/SafeWalk-cbnnnpyfdimetqbsrrswqsixenag/Build/Intermediates.noindex/GeneratedModuleMaps-iphonesimulator/grpcWrapper.modulemap -Xcc -fmodule-map-file\=/Users/COBSCCOMP242P-064/Library/Developer/Xcode/DerivedData/SafeWalk-cbnnnpyfdimetqbsrrswqsixenag/Build/Intermediates.noindex/GeneratedModuleMaps-iphonesimulator/grpcppWrapper.modulemap -Xcc -fmodule-map-file\=/Users/COBSCCOMP242P-064/Library/Developer/Xcode/DerivedData/SafeWalk-cbnnnpyfdimetqbsrrswqsixenag/Build/Intermediates.noindex/GeneratedModuleMaps-iphonesimulator/nanopb.modulemap -Xcc -fmodule-map-file\=/Users/COBSCCOMP242P-064/Library/Developer/Xcode/DerivedData/SafeWalk-cbnnnpyfdimetqbsrrswqsixenag/Build/Intermediates.noindex/GeneratedModuleMaps-iphonesimulator/leveldb.modulemap -Xcc -fmodule-map-file\=/Users/COBSCCOMP242P-064/Library/Developer/Xcode/DerivedData/SafeWalk-cbnnnpyfdimetqbsrrswqsixenag/Build/Intermediates.noindex/GeneratedModuleMaps-iphonesimulator/FirebaseCoreExtension.modulemap -Xcc -fmodule-map-file\=/Users/COBSCCOMP242P-064/Library/Developer/Xcode/DerivedData/SafeWalk-cbnnnpyfdimetqbsrrswqsixenag/Build/Intermediates.noindex/GeneratedModuleMaps-iphonesimulator/FirebaseCore.modulemap -Xcc -fmodule-map-file\=/Users/COBSCCOMP242P-064/Library/Developer/Xcode/DerivedData/SafeWalk-cbnnnpyfdimetqbsrrswqsixenag/Build/Intermediates.noindex/GeneratedModuleMaps-iphonesimulator/FirebaseAppCheckInterop.modulemap -Xcc -fmodule-map-file\=/Users/COBSCCOMP242P-064/Library/Developer/Xcode/DerivedData/SafeWalk-cbnnnpyfdimetqbsrrswqsixenag/Build/Intermediates.noindex/GeneratedModuleMaps-iphonesimulator/FirebaseFirestoreInternalWrapper.modulemap -Xcc -fmodule-map-file\=/Users/COBSCCOMP242P-064/Library/Developer/Xcode/DerivedData/SafeWalk-cbnnnpyfdimetqbsrrswqsixenag/Build/Intermediates.noindex/GeneratedModuleMaps-iphonesimulator/FirebaseFirestoreTarget.modulemap -default-isolation\=MainActor -enable-bare-slash-regex -enable-upcoming-feature DisableOutwardActorInference -enable-upcoming-feature InferSendableFromCaptures -enable-upcoming-feature GlobalActorIsolatedTypesUsability -enable-upcoming-feature MemberImportVisibility -enable-upcoming-feature InferIsolatedConformances -enable-upcoming-feature NonisolatedNonsendingByDefault -enable-experimental-feature DebugDescriptionMacro -sdk /Applications/Xcode.app/Contents/Developer/Platforms/iPhoneSimulator.platform/Developer/SDKs/iPhoneSimulator26.2.sdk -target x86_64-apple-ios26.2-simulator -g -module-cache-path /Users/COBSCCOMP242P-064/Library/Developer/Xcode/DerivedData/ModuleCache.noindex -Xfrontend -serialize-debugging-options -enable-testing -index-store-path /Users/COBSCCOMP242P-064/Library/Developer/Xcode/DerivedData/SafeWalk-cbnnnpyfdimetqbsrrswqsixenag/Index.noindex/DataStore -Xcc -D_LIBCPP_HARDENING_MODE\=_LIBCPP_HARDENING_MODE_DEBUG -swift-version 5 -I /Users/COBSCCOMP242P-064/Library/Developer/Xcode/DerivedData/SafeWalk-cbnnnpyfdimetqbsrrswqsixenag/Build/Products/Debug-iphonesimulator -F /Users/COBSCCOMP242P-064/Library/Developer/Xcode/DerivedData/SafeWalk-cbnnnpyfdimetqbsrrswqsixenag/Build/Products/Debug-iphonesimulator/PackageFrameworks -F /Users/COBSCCOMP242P-064/Library/Developer/Xcode/DerivedData/SafeWalk-cbnnnpyfdimetqbsrrswqsixenag/Build/Products/Debug-iphonesimulator/PackageFrameworks -F /Users/COBSCCOMP242P-064/Library/Developer/Xcode/DerivedData/SafeWalk-cbnnnpyfdimetqbsrrswqsixenag/Build/Products/Debug-iphonesimulator/PackageFrameworks -F /Users/COBSCCOMP242P-064/Library/Developer/Xcode/DerivedData/SafeWalk-cbnnnpyfdimetqbsrrswqsixenag/Build/Products/Debug-iphonesimulator/PackageFrameworks -F /Users/COBSCCOMP242P-064/Library/Developer/Xcode/DerivedData/SafeWalk-cbnnnpyfdimetqbsrrswqsixenag/Build/Products/Debug-iphonesimulator/PackageFrameworks -F /Users/COBSCCOMP242P-064/Library/Developer/Xcode/DerivedData/SafeWalk-cbnnnpyfdimetqbsrrswqsixenag/Build/Products/Debug-iphonesimulator/PackageFrameworks -F /Users/COBSCCOMP242P-064/Library/Developer/Xcode/DerivedData/SafeWalk-cbnnnpyfdimetqbsrrswqsixenag/Build/Products/Debug-iphonesimulator/PackageFrameworks -F /Users/COBSCCOMP242P-064/Library/Developer/Xcode/DerivedData/SafeWalk-cbnnnpyfdimetqbsrrswqsixenag/Build/Products/Debug-iphonesimulator/PackageFrameworks -F /Users/COBSCCOMP242P-064/Library/Developer/Xcode/DerivedData/SafeWalk-cbnnnpyfdimetqbsrrswqsixenag/Build/Products/Debug-iphonesimulator/PackageFrameworks -F /Users/COBSCCOMP242P-064/Library/Developer/Xcode/DerivedData/SafeWalk-cbnnnpyfdimetqbsrrswqsixenag/Build/Products/Debug-iphonesimulator/PackageFrameworks -F /Users/COBSCCOMP242P-064/Library/Developer/Xcode/DerivedData/SafeWalk-cbnnnpyfdimetqbsrrswqsixenag/Build/Products/Debug-iphonesimulator/PackageFrameworks -F /Users/COBSCCOMP242P-064/Library/Developer/Xcode/DerivedData/SafeWalk-cbnnnpyfdimetqbsrrswqsixenag/Build/Products/Debug-iphonesimulator/PackageFrameworks -F /Users/COBSCCOMP242P-064/Library/Developer/Xcode/DerivedData/SafeWalk-cbnnnpyfdimetqbsrrswqsixenag/Build/Products/Debug-iphonesimulator/PackageFrameworks -F /Users/COBSCCOMP242P-064/Library/Developer/Xcode/DerivedData/SafeWalk-cbnnnpyfdimetqbsrrswqsixenag/Build/Products/Debug-iphonesimulator/PackageFrameworks -F /Users/COBSCCOMP242P-064/Library/Developer/Xcode/DerivedData/SafeWalk-cbnnnpyfdimetqbsrrswqsixenag/Build/Products/Debug-iphonesimulator/PackageFrameworks -F /Users/COBSCCOMP242P-064/Library/Developer/Xcode/DerivedData/SafeWalk-cbnnnpyfdimetqbsrrswqsixenag/Build/Products/Debug-iphonesimulator/PackageFrameworks -F /Users/COBSCCOMP242P-064/Library/Developer/Xcode/DerivedData/SafeWalk-cbnnnpyfdimetqbsrrswqsixenag/Build/Products/Debug-iphonesimulator/PackageFrameworks -F /Users/COBSCCOMP242P-064/Library/Developer/Xcode/DerivedData/SafeWalk-cbnnnpyfdimetqbsrrswqsixenag/Build/Products/Debug-iphonesimulator/PackageFrameworks -F /Users/COBSCCOMP242P-064/Library/Developer/Xcode/DerivedData/SafeWalk-cbnnnpyfdimetqbsrrswqsixenag/Build/Products/Debug-iphonesimulator/PackageFrameworks -F /Users/COBSCCOMP242P-064/Library/Developer/Xcode/DerivedData/SafeWalk-cbnnnpyfdimetqbsrrswqsixenag/Build/Products/Debug-iphonesimulator -emit-localized-strings -emit-localized-strings-path /Users/COBSCCOMP242P-064/Library/Developer/Xcode/DerivedData/SafeWalk-cbnnnpyfdimetqbsrrswqsixenag/Build/Intermediates.noindex/SafeWalk.build/Debug-iphonesimulator/SafeWalk.build/Objects-normal/x86_64 -c -j8 -enable-batch-mode -incremental -Xcc -ivfsstatcache -Xcc /Users/COBSCCOMP242P-064/Library/Developer/Xcode/DerivedData/SDKStatCaches.noindex/iphonesimulator26.2-23C53-7d00a8b37fbd7999ea79df8ebc024bf0.sdkstatcache -output-file-map /Users/COBSCCOMP242P-064/Library/Developer/Xcode/DerivedData/SafeWalk-cbnnnpyfdimetqbsrrswqsixenag/Build/Intermediates.noindex/SafeWalk.build/Debug-iphonesimulator/SafeWalk.build/Objects-normal/x86_64/SafeWalk-OutputFileMap.json -use-frontend-parseable-output -save-temps -no-color-diagnostics -explicit-module-build -module-cache-path /Users/COBSCCOMP242P-064/Library/Developer/Xcode/DerivedData/SafeWalk-cbnnnpyfdimetqbsrrswqsixenag/Build/Intermediates.noindex/SwiftExplicitPrecompiledModules -clang-scanner-module-cache-path /Users/COBSCCOMP242P-064/Library/Developer/Xcode/DerivedData/ModuleCache.noindex -sdk-module-cache-path /Users/COBSCCOMP242P-064/Library/Developer/Xcode/DerivedData/ModuleCache.noindex -serialize-diagnostics -emit-dependencies -emit-module -emit-module-path /Users/COBSCCOMP242P-064/Library/Developer/Xcode/DerivedData/SafeWalk-cbnnnpyfdimetqbsrrswqsixenag/Build/Intermediates.noindex/SafeWalk.build/Debug-iphonesimulator/SafeWalk.build/Objects-normal/x86_64/SafeWalk.swiftmodule -validate-clang-modules-once -clang-build-session-file /Users/COBSCCOMP242P-064/Library/Developer/Xcode/DerivedData/ModuleCache.noindex/Session.modulevalidation -Xcc -I/Users/COBSCCOMP242P-064/Library/Developer/Xcode/DerivedData/SafeWalk-cbnnnpyfdimetqbsrrswqsixenag/Build/Intermediates.noindex/SafeWalk.build/Debug-iphonesimulator/SafeWalk.build/swift-overrides.hmap -emit-const-values -Xfrontend -const-gather-protocols-file -Xfrontend /Users/COBSCCOMP242P-064/Library/Developer/Xcode/DerivedData/SafeWalk-cbnnnpyfdimetqbsrrswqsixenag/Build/Intermediates.noindex/SafeWalk.build/Debug-iphonesimulator/SafeWalk.build/Objects-normal/x86_64/SafeWalk_const_extract_protocols.json -Xcc -iquote -Xcc /Users/COBSCCOMP242P-064/Library/Developer/Xcode/DerivedData/SafeWalk-cbnnnpyfdimetqbsrrswqsixenag/Build/Intermediates.noindex/SafeWalk.build/Debug-iphonesimulator/SafeWalk.build/SafeWalk-generated-files.hmap -Xcc -I/Users/COBSCCOMP242P-064/Library/Developer/Xcode/DerivedData/SafeWalk-cbnnnpyfdimetqbsrrswqsixenag/Build/Intermediates.noindex/SafeWalk.build/Debug-iphonesimulator/SafeWalk.build/SafeWalk-own-target-headers.hmap -Xcc -I/Users/COBSCCOMP242P-064/Library/Developer/Xcode/DerivedData/SafeWalk-cbnnnpyfdimetqbsrrswqsixenag/Build/Intermediates.noindex/SafeWalk.build/Debug-iphonesimulator/SafeWalk.build/SafeWalk-all-non-framework-target-headers.hmap -Xcc -ivfsoverlay -Xcc /Users/COBSCCOMP242P-064/Library/Developer/Xcode/DerivedData/SafeWalk-cbnnnpyfdimetqbsrrswqsixenag/Build/Intermediates.noindex/SafeWalk.build/Debug-iphonesimulator/SafeWalk-30b5ceae729fc4e134bbd2c2e046bcf5-VFS-iphonesimulator/all-product-headers.yaml -Xcc -iquote -Xcc /Users/COBSCCOMP242P-064/Library/Developer/Xcode/DerivedData/SafeWalk-cbnnnpyfdimetqbsrrswqsixenag/Build/Intermediates.noindex/SafeWalk.build/Debug-iphonesimulator/SafeWalk.build/SafeWalk-project-headers.hmap -Xcc -I/Users/COBSCCOMP242P-064/Library/Developer/Xcode/DerivedData/SafeWalk-cbnnnpyfdimetqbsrrswqsixenag/SourcePackages/checkouts/GoogleUtilities/GoogleUtilities/NSData+zlib/Public -Xcc -I/Users/COBSCCOMP242P-064/Library/Developer/Xcode/DerivedData/SafeWalk-cbnnnpyfdimetqbsrrswqsixenag/SourcePackages/checkouts/GoogleUtilities/GoogleUtilities/Environment/Public -Xcc -I/Users/COBSCCOMP242P-064/Library/Developer/Xcode/DerivedData/SafeWalk-cbnnnpyfdimetqbsrrswqsixenag/SourcePackages/checkouts/GoogleUtilities/third_party/IsAppEncrypted/Public -Xcc -I/Users/COBSCCOMP242P-064/Library/Developer/Xcode/DerivedData/SafeWalk-cbnnnpyfdimetqbsrrswqsixenag/SourcePackages/checkouts/GoogleUtilities/GoogleUtilities/Logger/Public -Xcc -I/Users/COBSCCOMP242P-064/Library/Developer/Xcode/DerivedData/SafeWalk-cbnnnpyfdimetqbsrrswqsixenag/SourcePackages/checkouts/abseil-cpp-binary/absl-Wrapper/include -Xcc -I/Users/COBSCCOMP242P-064/Library/Developer/Xcode/DerivedData/SafeWalk-cbnnnpyfdimetqbsrrswqsixenag/SourcePackages/checkouts/grpc-binary/openssl-grpc-Wrapper/include -Xcc -I/Users/COBSCCOMP242P-064/Library/Developer/Xcode/DerivedData/SafeWalk-cbnnnpyfdimetqbsrrswqsixenag/SourcePackages/checkouts/grpc-binary/grpc-Wrapper/include -Xcc -I/Users/COBSCCOMP242P-064/Library/Developer/Xcode/DerivedData/SafeWalk-cbnnnpyfdimetqbsrrswqsixenag/SourcePackages/checkouts/grpc-binary/grpcpp-Wrapper/include -Xcc -I/Users/COBSCCOMP242P-064/Library/Developer/Xcode/DerivedData/SafeWalk-cbnnnpyfdimetqbsrrswqsixenag/SourcePackages/checkouts/nanopb/spm_headers -Xcc -I/Users/COBSCCOMP242P-064/Library/Developer/Xcode/DerivedData/SafeWalk-cbnnnpyfdimetqbsrrswqsixenag/SourcePackages/checkouts/leveldb/include -Xcc -I/Users/COBSCCOMP242P-064/Library/Developer/Xcode/DerivedData/SafeWalk-cbnnnpyfdimetqbsrrswqsixenag/SourcePackages/checkouts/firebase-ios-sdk/FirebaseCore/Extension -Xcc -I/Users/COBSCCOMP242P-064/Library/Developer/Xcode/DerivedData/SafeWalk-cbnnnpyfdimetqbsrrswqsixenag/SourcePackages/checkouts/firebase-ios-sdk/FirebaseCore/Sources/Public -Xcc -I/Users/COBSCCOMP242P-064/Library/Developer/Xcode/DerivedData/SafeWalk-cbnnnpyfdimetqbsrrswqsixenag/SourcePackages/checkouts/firebase-ios-sdk/CoreOnly/Sources -Xcc -I/Users/COBSCCOMP242P-064/Library/Developer/Xcode/DerivedData/SafeWalk-cbnnnpyfdimetqbsrrswqsixenag/SourcePackages/checkouts/firebase-ios-sdk/FirebaseAppCheck/Interop/Public -Xcc -I/Users/COBSCCOMP242P-064/Library/Developer/Xcode/DerivedData/SafeWalk-cbnnnpyfdimetqbsrrswqsixenag/SourcePackages/checkouts/firebase-ios-sdk/FirebaseFirestoreInternal -Xcc -I/Users/COBSCCOMP242P-064/Library/Developer/Xcode/DerivedData/SafeWalk-cbnnnpyfdimetqbsrrswqsixenag/SourcePackages/checkouts/firebase-ios-sdk/SwiftPM-PlatformExclude/FirebaseFirestoreWrap/include -Xcc -I/Users/COBSCCOMP242P-064/Library/Developer/Xcode/DerivedData/SafeWalk-cbnnnpyfdimetqbsrrswqsixenag/Build/Products/Debug-iphonesimulator/include -Xcc -I/Users/COBSCCOMP242P-064/Library/Developer/Xcode/DerivedData/SafeWalk-cbnnnpyfdimetqbsrrswqsixenag/Build/Intermediates.noindex/SafeWalk.build/Debug-iphonesimulator/SafeWalk.build/DerivedSources-normal/x86_64 -Xcc -I/Users/COBSCCOMP242P-064/Library/Developer/Xcode/DerivedData/SafeWalk-cbnnnpyfdimetqbsrrswqsixenag/Build/Intermediates.noindex/SafeWalk.build/Debug-iphonesimulator/SafeWalk.build/DerivedSources/x86_64 -Xcc -I/Users/COBSCCOMP242P-064/Library/Developer/Xcode/DerivedData/SafeWalk-cbnnnpyfdimetqbsrrswqsixenag/Build/Intermediates.noindex/SafeWalk.build/Debug-iphonesimulator/SafeWalk.build/DerivedSources -Xcc -DDEBUG\=1 -emit-objc-header -emit-objc-header-path /Users/COBSCCOMP242P-064/Library/Developer/Xcode/DerivedData/SafeWalk-cbnnnpyfdimetqbsrrswqsixenag/Build/Intermediates.noindex/SafeWalk.build/Debug-iphonesimulator/SafeWalk.build/Objects-normal/x86_64/SafeWalk-Swift.h -working-directory /Users/COBSCCOMP242P-064/dev/SafeWalk -experimental-emit-module-separately -disable-cmo
/Users/COBSCCOMP242P-064/dev/SafeWalk/SafeWalk/Core/UserSessionManager.swift:2:8: error: Unable to find module dependency: 'FirebaseAuth'
import FirebaseAuth
       ^ (in target 'SafeWalk' from project 'SafeWalk')
/Users/COBSCCOMP242P-064/dev/SafeWalk/SafeWalk/Core/UserSessionManager.swift:2:8: note: A dependency of main module 'SafeWalk'
import FirebaseAuth
       ^ (in target 'SafeWalk' from project 'SafeWalk')
/Users/COBSCCOMP242P-064/dev/SafeWalk/SafeWalk/ViewModels/AuthViewModel.swift:2:8: note: Also imported here
import FirebaseAuth
       ^ (in target 'SafeWalk' from project 'SafeWalk')
/Users/COBSCCOMP242P-064/dev/SafeWalk/SafeWalk/AppDelegate.swift:1:8: note: Also imported here
import FirebaseAuth
       ^ (in target 'SafeWalk' from project 'SafeWalk')
/Users/COBSCCOMP242P-064/dev/SafeWalk/SafeWalk/SafeWalkApp.swift:1:8: note: Also imported here
import FirebaseAuth
       ^ (in target 'SafeWalk' from project 'SafeWalk')
/Users/COBSCCOMP242P-064/dev/SafeWalk/SafeWalk/ViewModels/AuthViewModel.swift:3:8: error: Unable to find module dependency: 'GoogleSignIn'
import GoogleSignIn
       ^ (in target 'SafeWalk' from project 'SafeWalk')
/Users/COBSCCOMP242P-064/dev/SafeWalk/SafeWalk/ViewModels/AuthViewModel.swift:3:8: note: A dependency of main module 'SafeWalk'
import GoogleSignIn
       ^ (in target 'SafeWalk' from project 'SafeWalk')

CompileAssetCatalogVariant thinned /Users/COBSCCOMP242P-064/Library/Developer/Xcode/DerivedData/SafeWalk-cbnnnpyfdimetqbsrrswqsixenag/Build/Products/Debug-iphonesimulator/SafeWalk.app /Users/COBSCCOMP242P-064/dev/SafeWalk/SafeWalk/Assets.xcassets (in target 'SafeWalk' from project 'SafeWalk')
    cd /Users/COBSCCOMP242P-064/dev/SafeWalk
    /Applications/Xcode.app/Contents/Developer/usr/bin/actool /Users/COBSCCOMP242P-064/dev/SafeWalk/SafeWalk/Assets.xcassets --compile /Users/COBSCCOMP242P-064/Library/Developer/Xcode/DerivedData/SafeWalk-cbnnnpyfdimetqbsrrswqsixenag/Build/Intermediates.noindex/SafeWalk.build/Debug-iphonesimulator/SafeWalk.build/assetcatalog_output/thinned --output-format human-readable-text --notices --warnings --export-dependency-info /Users/COBSCCOMP242P-064/Library/Developer/Xcode/DerivedData/SafeWalk-cbnnnpyfdimetqbsrrswqsixenag/Build/Intermediates.noindex/SafeWalk.build/Debug-iphonesimulator/SafeWalk.build/assetcatalog_dependencies_thinned --output-partial-info-plist /Users/COBSCCOMP242P-064/Library/Developer/Xcode/DerivedData/SafeWalk-cbnnnpyfdimetqbsrrswqsixenag/Build/Intermediates.noindex/SafeWalk.build/Debug-iphonesimulator/SafeWalk.build/assetcatalog_generated_info.plist_thinned --app-icon AppIcon --accent-color AccentColor --compress-pngs --enable-on-demand-resources YES --development-region en --target-device iphone --target-device ipad --minimum-deployment-target 26.2 --platform iphonesimulator

** BUILD FAILED **


The following build commands failed:
	SwiftDriver SafeWalk normal arm64 com.apple.xcode.tools.swift.compiler (in target 'SafeWalk' from project 'SafeWalk')
	SwiftDriver SafeWalk normal x86_64 com.apple.xcode.tools.swift.compiler (in target 'SafeWalk' from project 'SafeWalk')
	Building project SafeWalk with scheme SafeWalk
(3 failures)
